   ,     #_
   ~\_  ####_        Amazon Linux 2
  ~~  \_#####\
  ~~     \###|       AL2 End of Life is 2025-06-30.
  ~~       \#/ ___
   ~~       V~' '->
    ~~~         /    A newer version of Amazon Linux is available!
      ~~._.   _/
         _/ _/       Amazon Linux 2023, GA and supported until 2028-03-15.
       _/m/'           https://aws.amazon.com/linux/amazon-linux-2023/

[ec2-user@ip-10-2-10-237 ~]$ mysql -h replica.cjtmj0eem7zk.us-west-2.rds.amazonaws.com -P 3306 -u admin -p
-bash: mysql: command not found
[ec2-user@ip-10-2-10-237 ~]$ sudo su -
[root@ip-10-2-10-237 ~]# yum install mysql
Loaded plugins: extras_suggestions, langpacks, priorities, update-motd
amzn2-core                                                                                                                                                                           | 3.6 kB  00:00:00     
Resolving Dependencies
--> Running transaction check
---> Package mariadb.x86_64 1:5.5.68-1.amzn2.0.1 will be installed
--> Finished Dependency Resolution

Dependencies Resolved

============================================================================================================================================================================================================
 Package                                      Arch                                        Version                                                     Repository                                       Size
============================================================================================================================================================================================================
Installing:
 mariadb                                      x86_64                                      1:5.5.68-1.amzn2.0.1                                        amzn2-core                                      8.8 M

Transaction Summary
============================================================================================================================================================================================================
Install  1 Package

Total download size: 8.8 M
Installed size: 49 M
Is this ok [y/d/N]: y
Downloading packages:
mariadb-5.5.68-1.amzn2.0.1.x86_64.rpm                                                                                                                                                | 8.8 MB  00:00:00     
Running transaction check
Running transaction test
Transaction test succeeded
Running transaction
  Installing : 1:mariadb-5.5.68-1.amzn2.0.1.x86_64                                                                                                                                                      1/1 
  Verifying  : 1:mariadb-5.5.68-1.amzn2.0.1.x86_64                                                                                                                                                      1/1 

Installed:
  mariadb.x86_64 1:5.5.68-1.amzn2.0.1                                                                                                                                                                       

Complete!
[root@ip-10-2-10-237 ~]# mysql -h replica.cjtmj0eem7zk.us-west-2.rds.amazonaws.com -P 3306 -u admin -p
Enter password: 
Welcome to the MariaDB monitor.  Commands end with ; or \g.
Your MySQL connection id is 76
Server version: 8.0.35 Source distribution

Copyright (c) 2000, 2018, Oracle, MariaDB Corporation Ab and others.

Type 'help;' or '\h' for help. Type '\c' to clear the current input statement.

MySQL [udacity]> SHOW DATABASES;
+--------------------+
| Database           |
+--------------------+
| information_schema |
| mysql              |
| performance_schema |
| sys                |
| udacity            |
+--------------------+
5 rows in set (0.02 sec)

MySQL [udacity]>  USE udacity
Reading table information for completion of table and column names
You can turn off this feature to get a quicker startup with -A

Database changed
MySQL [udacity]> DESCRIBE pet
    -> Ctrl-C -- exit!
Aborted
[root@ip-10-2-10-237 ~]# DESCRIBE pet;
-bash: DESCRIBE: command not found
[root@ip-10-2-10-237 ~]# ^C
[root@ip-10-2-10-237 ~]# INSERT INTO pet
-bash: INSERT: command not found
[root@ip-10-2-10-237 ~]#     -> VALUES ('Mocha','Brian','dog','f','1992-04-27',NULL);^C
[root@ip-10-2-10-237 ~]# ^C
[root@ip-10-2-10-237 ~]# mysql -h replica.cjtmj0eem7zk.us-west-2.rds.amazonaws.com -P 3306 -u admin -p
Enter password: 
Welcome to the MariaDB monitor.  Commands end with ; or \g.
Your MySQL connection id is 78
Server version: 8.0.35 Source distribution

Copyright (c) 2000, 2018, Oracle, MariaDB Corporation Ab and others.

Type 'help;' or '\h' for help. Type '\c' to clear the current input statement.

MySQL [udacity]> USE udacity
Reading table information for completion of table and column names
You can turn off this feature to get a quicker startup with -A

Database changed
MySQL [udacity]> DESCRIBE pet;
+---------+-------------+------+-----+---------+-------+
| Field   | Type        | Null | Key | Default | Extra |
+---------+-------------+------+-----+---------+-------+
| name    | varchar(20) | YES  |     | NULL    |       |
| owner   | varchar(20) | YES  |     | NULL    |       |
| species | varchar(20) | YES  |     | NULL    |       |
| sex     | char(1)     | YES  |     | NULL    |       |
| birth   | date        | YES  |     | NULL    |       |
| death   | date        | YES  |     | NULL    |       |
+---------+-------------+------+-----+---------+-------+
6 rows in set (0.01 sec)

MySQL [udacity]> INSERT INTO pet
    -> VALUES ('Mocha','Brian','dog','f','1992-04-27',NULL);
ERROR 1290 (HY000): The MySQL server is running with the --read-only option so it cannot execute this statement
MySQL [udacity]> SELECT * FROM pet;
+----------+-------+---------+------+------------+-------+
| name     | owner | species | sex  | birth      | death |
+----------+-------+---------+------+------------+-------+
| Puffball | Diane | hamster | f    | 1999-03-30 | NULL  |
| Mochi    | Sukey | rabbit  | f    | 1992-12-17 | NULL  |
+----------+-------+---------+------+------------+-------+
2 rows in set (0.01 sec)

MySQL [udacity]>
